// Jest Snapshot v1, https://goo.gl/fbAQLP

exports[`renders proper HTML 1`] = `

<div class="ais-refinement-list">
  <div class="ais-refinement-list__item">
    <label class="ais-refinement-list__label">
      <input type="checkbox"
             class="ais-refinement-list__checkbox"
      >
      <span class="ais-refinement-list__value">
        Red
      </span>
      <span class="ais-refinement-list__count">
        319
      </span>
    </label>
  </div>
  <div class="ais-refinement-list__item ais-refinement-list__item ais-refinement-list__item--active">
    <label class="ais-refinement-list__label">
      <input type="checkbox"
             class="ais-refinement-list__checkbox"
      >
      <span class="ais-refinement-list__value">
        Blue
      </span>
      <span class="ais-refinement-list__count">
        200
      </span>
    </label>
  </div>
</div>

`;
