// Jest Snapshot v1, https://goo.gl/fbAQLP

exports[`renders proper HTML 1`] = `

<div class="ais-tree-menu">
  <ul class="ais-tree-menu__list">
    <li class="ais-tree-menu__item">
      <a href="#">
        <span class="ais-tree-menu__value">
          Bathroom
        </span>
        <span class="ais-tree-menu__count">
          319
        </span>
      </a>
    </li>
    <li class="ais-tree-menu__item ais-tree-menu__item ais-tree-menu__item--active">
      <a href="#">
        <span class="ais-tree-menu__value">
          Cooking
        </span>
        <span class="ais-tree-menu__count">
          200
        </span>
      </a>
      <ul class>
        <li class="ais-tree-menu__item">
          <a href="#">
            <span class="ais-tree-menu__value">
              Bakeware
            </span>
            <span class="ais-tree-menu__count">
              43
            </span>
          </a>
        </li>
      </ul>
    </li>
  </ul>
</div>

`;
