// Jest Snapshot v1, https://goo.gl/fbAQLP

exports[`getServerState returns initialResults 1`] = `
Object {
  "instant_search": Object {
    "results": Array [
      Object {
        "exhaustiveFacetsCount": true,
        "exhaustiveNbHits": true,
        "hits": Array [],
        "hitsPerPage": 20,
        "index": "instant_search",
        "nbHits": 0,
        "nbPages": 0,
        "page": 0,
        "params": "facetFilters=%5B%5B%22brand%3AApple%22%5D%5D&facets=%5B%22brand%22%5D&highlightPostTag=__%2Fais-highlight__&highlightPreTag=__ais-highlight__&maxValuesPerFacet=10&query=iphone&tagFilters=",
        "processingTimeMS": 0,
        "query": "",
        "renderingContent": Object {
          "facetOrdering": Object {
            "facets": Object {
              "order": Array [
                "brand",
                "hierarchicalCategories.lvl0",
                "categories",
              ],
            },
            "values": Object {
              "brand": Object {
                "sortRemainingBy": "count",
              },
              "categories": Object {
                "sortRemainingBy": "count",
              },
              "hierarchicalCategories.lvl0": Object {
                "sortRemainingBy": "count",
              },
            },
          },
        },
        "userData": Array [
          Object {
            "banner": "https://banner.jpg",
            "link": "https://banner.com/link/",
            "title": "Banner title",
          },
        ],
      },
      Object {
        "exhaustiveFacetsCount": true,
        "exhaustiveNbHits": true,
        "hits": Array [],
        "hitsPerPage": 20,
        "index": "instant_search",
        "nbHits": 0,
        "nbPages": 0,
        "page": 0,
        "params": "analytics=false&attributesToHighlight=%5B%5D&attributesToRetrieve=%5B%5D&attributesToSnippet=%5B%5D&clickAnalytics=false&facets=brand&highlightPostTag=__%2Fais-highlight__&highlightPreTag=__ais-highlight__&hitsPerPage=1&maxValuesPerFacet=10&page=0&query=iphone&tagFilters=",
        "processingTimeMS": 0,
        "query": "",
        "renderingContent": Object {
          "facetOrdering": Object {
            "facets": Object {
              "order": Array [
                "brand",
                "hierarchicalCategories.lvl0",
                "categories",
              ],
            },
            "values": Object {
              "brand": Object {
                "sortRemainingBy": "count",
              },
              "categories": Object {
                "sortRemainingBy": "count",
              },
              "hierarchicalCategories.lvl0": Object {
                "sortRemainingBy": "count",
              },
            },
          },
        },
        "userData": Array [
          Object {
            "banner": "https://banner.jpg",
            "link": "https://banner.com/link/",
            "title": "Banner title",
          },
        ],
      },
    ],
    "state": Object {
      "disjunctiveFacets": Array [
        "brand",
      ],
      "disjunctiveFacetsRefinements": Object {
        "brand": Array [
          "Apple",
        ],
      },
      "facets": Array [],
      "facetsExcludes": Object {},
      "facetsRefinements": Object {},
      "hierarchicalFacets": Array [],
      "hierarchicalFacetsRefinements": Object {},
      "highlightPostTag": "__/ais-highlight__",
      "highlightPreTag": "__ais-highlight__",
      "index": "instant_search",
      "maxValuesPerFacet": 10,
      "numericRefinements": Object {},
      "query": "iphone",
      "tagRefinements": Array [],
    },
  },
  "instant_search_price_asc": Object {
    "results": Array [
      Object {
        "exhaustiveFacetsCount": true,
        "exhaustiveNbHits": true,
        "hits": Array [],
        "hitsPerPage": 20,
        "index": "instant_search_price_asc",
        "nbHits": 0,
        "nbPages": 0,
        "page": 0,
        "params": "facetFilters=%5B%5B%22brand%3AApple%22%5D%5D&facets=%5B%22brand%22%5D&highlightPostTag=__%2Fais-highlight__&highlightPreTag=__ais-highlight__&maxValuesPerFacet=10&query=iphone&tagFilters=",
        "processingTimeMS": 0,
        "query": "",
        "renderingContent": Object {
          "facetOrdering": Object {
            "facets": Object {
              "order": Array [
                "brand",
                "hierarchicalCategories.lvl0",
                "categories",
              ],
            },
            "values": Object {
              "brand": Object {
                "sortRemainingBy": "count",
              },
              "categories": Object {
                "sortRemainingBy": "count",
              },
              "hierarchicalCategories.lvl0": Object {
                "sortRemainingBy": "count",
              },
            },
          },
        },
        "userData": Array [
          Object {
            "banner": "https://banner.jpg",
            "link": "https://banner.com/link/",
            "title": "Banner title",
          },
        ],
      },
      Object {
        "exhaustiveFacetsCount": true,
        "exhaustiveNbHits": true,
        "hits": Array [],
        "hitsPerPage": 20,
        "index": "instant_search_price_asc",
        "nbHits": 0,
        "nbPages": 0,
        "page": 0,
        "params": "analytics=false&attributesToHighlight=%5B%5D&attributesToRetrieve=%5B%5D&attributesToSnippet=%5B%5D&clickAnalytics=false&facets=brand&highlightPostTag=__%2Fais-highlight__&highlightPreTag=__ais-highlight__&hitsPerPage=1&maxValuesPerFacet=10&page=0&query=iphone&tagFilters=",
        "processingTimeMS": 0,
        "query": "",
        "renderingContent": Object {
          "facetOrdering": Object {
            "facets": Object {
              "order": Array [
                "brand",
                "hierarchicalCategories.lvl0",
                "categories",
              ],
            },
            "values": Object {
              "brand": Object {
                "sortRemainingBy": "count",
              },
              "categories": Object {
                "sortRemainingBy": "count",
              },
              "hierarchicalCategories.lvl0": Object {
                "sortRemainingBy": "count",
              },
            },
          },
        },
        "userData": Array [
          Object {
            "banner": "https://banner.jpg",
            "link": "https://banner.com/link/",
            "title": "Banner title",
          },
        ],
      },
    ],
    "state": Object {
      "disjunctiveFacets": Array [
        "brand",
      ],
      "disjunctiveFacetsRefinements": Object {
        "brand": Array [
          "Apple",
        ],
      },
      "facets": Array [],
      "facetsExcludes": Object {},
      "facetsRefinements": Object {},
      "hierarchicalFacets": Array [],
      "hierarchicalFacetsRefinements": Object {},
      "highlightPostTag": "__/ais-highlight__",
      "highlightPreTag": "__ais-highlight__",
      "index": "instant_search_price_asc",
      "maxValuesPerFacet": 10,
      "numericRefinements": Object {},
      "query": "iphone",
      "tagRefinements": Array [],
    },
  },
  "instant_search_price_desc": Object {
    "results": Array [
      Object {
        "exhaustiveFacetsCount": true,
        "exhaustiveNbHits": true,
        "hits": Array [],
        "hitsPerPage": 20,
        "index": "instant_search_price_desc",
        "nbHits": 0,
        "nbPages": 0,
        "page": 0,
        "params": "facetFilters=%5B%5B%22brand%3AApple%22%5D%5D&facets=%5B%22brand%22%5D&highlightPostTag=__%2Fais-highlight__&highlightPreTag=__ais-highlight__&maxValuesPerFacet=10&query=iphone&tagFilters=",
        "processingTimeMS": 0,
        "query": "",
        "renderingContent": Object {
          "facetOrdering": Object {
            "facets": Object {
              "order": Array [
                "brand",
                "hierarchicalCategories.lvl0",
                "categories",
              ],
            },
            "values": Object {
              "brand": Object {
                "sortRemainingBy": "count",
              },
              "categories": Object {
                "sortRemainingBy": "count",
              },
              "hierarchicalCategories.lvl0": Object {
                "sortRemainingBy": "count",
              },
            },
          },
        },
        "userData": Array [
          Object {
            "banner": "https://banner.jpg",
            "link": "https://banner.com/link/",
            "title": "Banner title",
          },
        ],
      },
      Object {
        "exhaustiveFacetsCount": true,
        "exhaustiveNbHits": true,
        "hits": Array [],
        "hitsPerPage": 20,
        "index": "instant_search_price_desc",
        "nbHits": 0,
        "nbPages": 0,
        "page": 0,
        "params": "analytics=false&attributesToHighlight=%5B%5D&attributesToRetrieve=%5B%5D&attributesToSnippet=%5B%5D&clickAnalytics=false&facets=brand&highlightPostTag=__%2Fais-highlight__&highlightPreTag=__ais-highlight__&hitsPerPage=1&maxValuesPerFacet=10&page=0&query=iphone&tagFilters=",
        "processingTimeMS": 0,
        "query": "",
        "renderingContent": Object {
          "facetOrdering": Object {
            "facets": Object {
              "order": Array [
                "brand",
                "hierarchicalCategories.lvl0",
                "categories",
              ],
            },
            "values": Object {
              "brand": Object {
                "sortRemainingBy": "count",
              },
              "categories": Object {
                "sortRemainingBy": "count",
              },
              "hierarchicalCategories.lvl0": Object {
                "sortRemainingBy": "count",
              },
            },
          },
        },
        "userData": Array [
          Object {
            "banner": "https://banner.jpg",
            "link": "https://banner.com/link/",
            "title": "Banner title",
          },
        ],
      },
    ],
    "state": Object {
      "disjunctiveFacets": Array [
        "brand",
      ],
      "disjunctiveFacetsRefinements": Object {
        "brand": Array [
          "Apple",
        ],
      },
      "facets": Array [],
      "facetsExcludes": Object {},
      "facetsRefinements": Object {},
      "hierarchicalFacets": Array [],
      "hierarchicalFacetsRefinements": Object {},
      "highlightPostTag": "__/ais-highlight__",
      "highlightPreTag": "__ais-highlight__",
      "index": "instant_search_price_desc",
      "maxValuesPerFacet": 10,
      "numericRefinements": Object {},
      "query": "iphone",
      "tagRefinements": Array [],
    },
  },
  "instant_search_rating_desc": Object {
    "results": Array [
      Object {
        "exhaustiveFacetsCount": true,
        "exhaustiveNbHits": true,
        "hits": Array [],
        "hitsPerPage": 20,
        "index": "instant_search_rating_desc",
        "nbHits": 0,
        "nbPages": 0,
        "page": 0,
        "params": "facetFilters=%5B%5B%22brand%3AApple%22%5D%5D&facets=%5B%22brand%22%5D&highlightPostTag=__%2Fais-highlight__&highlightPreTag=__ais-highlight__&maxValuesPerFacet=10&query=iphone&tagFilters=",
        "processingTimeMS": 0,
        "query": "",
        "renderingContent": Object {
          "facetOrdering": Object {
            "facets": Object {
              "order": Array [
                "brand",
                "hierarchicalCategories.lvl0",
                "categories",
              ],
            },
            "values": Object {
              "brand": Object {
                "sortRemainingBy": "count",
              },
              "categories": Object {
                "sortRemainingBy": "count",
              },
              "hierarchicalCategories.lvl0": Object {
                "sortRemainingBy": "count",
              },
            },
          },
        },
        "userData": Array [
          Object {
            "banner": "https://banner.jpg",
            "link": "https://banner.com/link/",
            "title": "Banner title",
          },
        ],
      },
      Object {
        "exhaustiveFacetsCount": true,
        "exhaustiveNbHits": true,
        "hits": Array [],
        "hitsPerPage": 20,
        "index": "instant_search_rating_desc",
        "nbHits": 0,
        "nbPages": 0,
        "page": 0,
        "params": "analytics=false&attributesToHighlight=%5B%5D&attributesToRetrieve=%5B%5D&attributesToSnippet=%5B%5D&clickAnalytics=false&facets=brand&highlightPostTag=__%2Fais-highlight__&highlightPreTag=__ais-highlight__&hitsPerPage=1&maxValuesPerFacet=10&page=0&query=iphone&tagFilters=",
        "processingTimeMS": 0,
        "query": "",
        "renderingContent": Object {
          "facetOrdering": Object {
            "facets": Object {
              "order": Array [
                "brand",
                "hierarchicalCategories.lvl0",
                "categories",
              ],
            },
            "values": Object {
              "brand": Object {
                "sortRemainingBy": "count",
              },
              "categories": Object {
                "sortRemainingBy": "count",
              },
              "hierarchicalCategories.lvl0": Object {
                "sortRemainingBy": "count",
              },
            },
          },
        },
        "userData": Array [
          Object {
            "banner": "https://banner.jpg",
            "link": "https://banner.com/link/",
            "title": "Banner title",
          },
        ],
      },
    ],
    "state": Object {
      "disjunctiveFacets": Array [
        "brand",
      ],
      "disjunctiveFacetsRefinements": Object {
        "brand": Array [
          "Apple",
        ],
      },
      "facets": Array [],
      "facetsExcludes": Object {},
      "facetsRefinements": Object {},
      "hierarchicalFacets": Array [],
      "hierarchicalFacetsRefinements": Object {},
      "highlightPostTag": "__/ais-highlight__",
      "highlightPreTag": "__ais-highlight__",
      "index": "instant_search_rating_desc",
      "maxValuesPerFacet": 10,
      "numericRefinements": Object {},
      "query": "iphone",
      "tagRefinements": Array [],
    },
  },
}
`;
